// Jest Snapshot v1, https://goo.gl/fbAQLP

exports[`<Main> sloud render the heading 1`] = `
<main
  class="styles__Wrapper-dzx1ao-0 bjFRYl"
>
  <img
    alt="Imagem de um átomo e React avançado escrito ao lado."
    class="styles__Logo-dzx1ao-1 dcISKB"
    src="/img/logo.svg"
  />
  <h1
    class="styles__Title-dzx1ao-2 kSTVFj"
  >
    React Avançado
  </h1>
  <h2
    class="styles__Description-dzx1ao-3 dsoDmA"
  >
    TypeScript, ReactJS, NextJS e Styled Components
  </h2>
  <img
    alt="Um desenvolvedor de frente para a tela com código"
    class="styles__Ilustration-dzx1ao-4 brcvLB"
    src="/img/hero-illustration.svg"
  />
</main>
`;
